Dec 20 07:01:50 localhost kernel: [    0.000000] Linux version 4.11.0-14-generic (buildd@lcy01-08) (gcc version 5.4.0 20160609 (Ubuntu 5.4.0-6ubuntu1~16.04.4) ) #20~16.04.1-Ubuntu SMP Wed Aug 9 09:06:22 UTC 2017 (Ubuntu 4.11.0-14.20~16.04.1-generic 4.11.12)
Dec 20 07:01:50 localhost kernel: [    0.000000] Command line: root=LABEL=ubuntu-xenial ro console=ttyS0 console=hvc0 nomce loglevel=5 net.ifnames=0
Dec 20 07:01:50 localhost kernel: [    0.000000] KERNEL supported cpus:
Dec 20 07:01:50 localhost kernel: [    0.000000]   Intel GenuineIntel
Dec 20 07:01:50 localhost kernel: [    0.000000]   AMD AuthenticAMD
Dec 20 07:01:50 localhost kernel: [    0.000000]   Centaur CentaurHauls
Dec 20 07:01:50 localhost kernel: [    0.000000] x86/fpu: Supporting XSAVE feature 0x001: 'x87 floating point registers'
Dec 20 07:01:50 localhost kernel: [    0.000000] x86/fpu: Supporting XSAVE feature 0x002: 'SSE registers'
Dec 20 07:01:50 localhost kernel: [    0.000000] x86/fpu: Supporting XSAVE feature 0x004: 'AVX registers'
Dec 20 07:01:50 localhost kernel: [    0.000000] x86/fpu: xstate_offset[2]:  576, xstate_sizes[2]:  256
Dec 20 07:01:50 localhost kernel: [    0.000000] x86/fpu: Enabled xstate features 0x7, context size is 832 bytes, using 'standard' format.
Dec 20 07:01:50 localhost kernel: [    0.000000] ACPI in unprivileged domain disabled
Dec 20 07:01:50 localhost kernel: [    0.000000] Released 0 page(s)
Dec 20 07:01:50 localhost kernel: [    0.000000] e820: BIOS-provided physical RAM map:
Dec 20 07:01:50 localhost kernel: [    0.000000] Xen: [mem 0x0000000000000000-0x000000000009ffff] usable
Dec 20 07:01:50 localhost kernel: [    0.000000] Xen: [mem 0x00000000000a0000-0x00000000000fffff] reserved
Dec 20 07:01:50 localhost kernel: [    0.000000] Xen: [mem 0x0000000000100000-0x000000000fffffff] usable
Dec 20 07:01:50 localhost kernel: [    0.000000] NX (Execute Disable) protection: active
Dec 20 07:01:50 localhost kernel: [    0.000000] DMI not present or invalid.
Dec 20 07:01:50 localhost kernel: [    0.000000] Hypervisor detected: Xen
Dec 20 07:01:50 localhost kernel: [    0.000000] e820: update [mem 0x00000000-0x00000fff] usable ==> reserved
Dec 20 07:01:50 localhost kernel: [    0.000000] e820: remove [mem 0x000a0000-0x000fffff] usable
Dec 20 07:01:50 localhost kernel: [    0.000000] e820: last_pfn = 0x10000 max_arch_pfn = 0x400000000
Dec 20 07:01:50 localhost kernel: [    0.000000] MTRR: Disabled
Dec 20 07:01:50 localhost kernel: [    0.000000] x86/PAT: MTRRs disabled, skipping PAT initialization too.
Dec 20 07:01:50 localhost kernel: [    0.000000] x86/PAT: Configuration [0-7]: WB  WT  UC- UC  WC  WP  UC  UC  
Dec 20 07:01:50 localhost kernel: [    0.000000] Scanning 1 areas for low memory corruption
Dec 20 07:01:50 localhost kernel: [    0.000000] Base memory trampoline at [ffff88000009a000] 9a000 size 24576
Dec 20 07:01:50 localhost kernel: [    0.000000] BRK [0x0240e000, 0x0240efff] PGTABLE
Dec 20 07:01:50 localhost kernel: [    0.000000] RAMDISK: [mem 0x02800000-0x03333fff]
Dec 20 07:01:50 localhost kernel: [    0.000000] NUMA turned off
Dec 20 07:01:50 localhost kernel: [    0.000000] Faking a node at [mem 0x0000000000000000-0x000000000fffffff]
Dec 20 07:01:50 localhost kernel: [    0.000000] NODE_DATA(0) allocated [mem 0x0ff6a000-0x0ff94fff]
Dec 20 07:01:50 localhost kernel: [    0.000000] Zone ranges:
Dec 20 07:01:50 localhost kernel: [    0.000000]   DMA      [mem 0x0000000000001000-0x0000000000ffffff]
Dec 20 07:01:50 localhost kernel: [    0.000000]   DMA32    [mem 0x0000000001000000-0x000000000fffffff]
Dec 20 07:01:50 localhost kernel: [    0.000000]   Normal   empty
Dec 20 07:01:50 localhost kernel: [    0.000000]   Device   empty
Dec 20 07:01:50 localhost kernel: [    0.000000] Movable zone start for each node
Dec 20 07:01:50 localhost kernel: [    0.000000] Early memory node ranges
Dec 20 07:01:50 localhost kernel: [    0.000000]   node   0: [mem 0x0000000000001000-0x000000000009ffff]
Dec 20 07:01:50 localhost kernel: [    0.000000]   node   0: [mem 0x0000000000100000-0x000000000fffffff]
Dec 20 07:01:50 localhost kernel: [    0.000000] Initmem setup node 0 [mem 0x0000000000001000-0x000000000fffffff]
Dec 20 07:01:50 localhost kernel: [    0.000000] On node 0 totalpages: 65439
Dec 20 07:01:50 localhost kernel: [    0.000000]   DMA zone: 64 pages used for memmap
Dec 20 07:01:50 localhost kernel: [    0.000000]   DMA zone: 21 pages reserved
Dec 20 07:01:50 localhost kernel: [    0.000000]   DMA zone: 3999 pages, LIFO batch:0
Dec 20 07:01:50 localhost kernel: [    0.000000]   DMA32 zone: 960 pages used for memmap
Dec 20 07:01:50 localhost kernel: [    0.000000]   DMA32 zone: 61440 pages, LIFO batch:15
Dec 20 07:01:50 localhost kernel: [    0.000000] p2m virtual area at ffffc90000000000, size is 40000000
Dec 20 07:01:50 localhost kernel: [    0.000000] Remapped 0 page(s)
Dec 20 07:01:50 localhost kernel: [    0.000000] SFI: Simple Firmware Interface v0.81 http://simplefirmware.org
Dec 20 07:01:50 localhost kernel: [    0.000000] smpboot: Allowing 16 CPUs, 0 hotplug CPUs
Dec 20 07:01:50 localhost kernel: [    0.000000] PM: Registered nosave memory: [mem 0x00000000-0x00000fff]
Dec 20 07:01:50 localhost kernel: [    0.000000] PM: Registered nosave memory: [mem 0x000a0000-0x000fffff]
Dec 20 07:01:50 localhost kernel: [    0.000000] e820: [mem 0x10000000-0xffffffff] available for PCI devices
Dec 20 07:01:50 localhost kernel: [    0.000000] Booting paravirtualized kernel on Xen
Dec 20 07:01:50 localhost kernel: [    0.000000] Xen version: 4.11.1-pre (preserve-AD)
Dec 20 07:01:50 localhost kernel: [    0.000000] clocksource: refined-jiffies: mask: 0xffffffff max_cycles: 0xffffffff, max_idle_ns: 7645519600211568 ns
Dec 20 07:01:50 localhost kernel: [    0.000000] setup_percpu: NR_CPUS:8192 nr_cpumask_bits:16 nr_cpu_ids:16 nr_node_ids:1
Dec 20 07:01:50 localhost kernel: [    0.000000] percpu: Embedded 38 pages/cpu @ffff88000ee00000 s115672 r8192 d31784 u262144
Dec 20 07:01:50 localhost kernel: [    0.000000] pcpu-alloc: s115672 r8192 d31784 u262144 alloc=1*2097152
Dec 20 07:01:50 localhost kernel: [    0.000000] pcpu-alloc: [0] 00 01 02 03 04 05 06 07 [0] 08 09 10 11 12 13 14 15 
Dec 20 07:01:50 localhost kernel: [    0.000000] xen: PV spinlocks enabled
Dec 20 07:01:50 localhost kernel: [    0.000000] PV qspinlock hash table entries: 256 (order: 0, 4096 bytes)
Dec 20 07:01:50 localhost kernel: [    0.000000] Built 1 zonelists in Node order, mobility grouping on.  Total pages: 64394
Dec 20 07:01:50 localhost kernel: [    0.000000] Policy zone: DMA32
Dec 20 07:01:50 localhost kernel: [    0.000000] Kernel command line: root=LABEL=ubuntu-xenial ro console=ttyS0 console=hvc0 nomce loglevel=5 net.ifnames=0
Dec 20 07:01:50 localhost kernel: [    0.000000] PID hash table entries: 1024 (order: 1, 8192 bytes)
Dec 20 07:01:50 localhost kernel: [    0.000000] Calgary: detecting Calgary via BIOS EBDA area
Dec 20 07:01:50 localhost kernel: [    0.000000] Calgary: Unable to locate Rio Grande table in EBDA - bailing!
Dec 20 07:01:50 localhost kernel: [    0.000000] Memory: 221772K/261756K available (9145K kernel code, 1705K rwdata, 3880K rodata, 2220K init, 2232K bss, 39984K reserved, 0K cma-reserved)
Dec 20 07:01:50 localhost kernel: [    0.000000] SLUB: HWalign=64, Order=0-3, MinObjects=0, CPUs=16, Nodes=1
Dec 20 07:01:50 localhost kernel: [    0.004000] Hierarchical RCU implementation.
Dec 20 07:01:50 localhost kernel: [    0.004000] 	Build-time adjustment of leaf fanout to 64.
Dec 20 07:01:50 localhost kernel: [    0.004000] 	RCU restricting CPUs from NR_CPUS=8192 to nr_cpu_ids=16.
Dec 20 07:01:50 localhost kernel: [    0.004000] RCU: Adjusting geometry for rcu_fanout_leaf=64, nr_cpu_ids=16
Dec 20 07:01:50 localhost kernel: [    0.004000] Using NULL legacy PIC
Dec 20 07:01:50 localhost kernel: [    0.004000] NR_IRQS:524544 nr_irqs:272 0
Dec 20 07:01:50 localhost kernel: [    0.004000] xen:events: Using FIFO-based ABI
Dec 20 07:01:50 localhost kernel: [    0.004000] Console: colour dummy device 80x25
Dec 20 07:01:50 localhost kernel: [    0.004000] console [tty0] enabled
Dec 20 07:01:50 localhost kernel: [    0.004000] console [hvc0] enabled
Dec 20 07:01:50 localhost kernel: [    0.004000] console [ttyS0] enabled
Dec 20 07:01:50 localhost kernel: [    0.004000] clocksource: xen: mask: 0xffffffffffffffff max_cycles: 0x1cd42e4dffb, max_idle_ns: 881590591483 ns
Dec 20 07:01:50 localhost kernel: [    0.004000] Xen: using vcpuop timer interface
Dec 20 07:01:50 localhost kernel: [    0.004000] installing Xen timer for CPU 0
Dec 20 07:01:50 localhost kernel: [    0.004000] tsc: Fast TSC calibration failed
Dec 20 07:01:50 localhost kernel: [    0.004040] tsc: Unable to calibrate against PIT
Dec 20 07:01:50 localhost kernel: [    0.004178] tsc: No reference (HPET/PMTIMER) available
Dec 20 07:01:50 localhost kernel: [    0.004179] tsc: Detected 2200.004 MHz processor
Dec 20 07:01:50 localhost kernel: [    0.004180] Calibrating delay loop (skipped), value calculated using timer frequency.. 4400.00 BogoMIPS (lpj=8800016)
Dec 20 07:01:50 localhost kernel: [    0.004180] pid_max: default: 32768 minimum: 301
Dec 20 07:01:50 localhost kernel: [    0.004679] Security Framework initialized
Dec 20 07:01:50 localhost kernel: [    0.004682] Yama: becoming mindful.
Dec 20 07:01:50 localhost kernel: [    0.004762] AppArmor: AppArmor initialized
Dec 20 07:01:50 localhost kernel: [    0.004936] Dentry cache hash table entries: 32768 (order: 6, 262144 bytes)
Dec 20 07:01:50 localhost kernel: [    0.005024] Inode-cache hash table entries: 16384 (order: 5, 131072 bytes)
Dec 20 07:01:50 localhost kernel: [    0.005074] Mount-cache hash table entries: 512 (order: 0, 4096 bytes)
Dec 20 07:01:50 localhost kernel: [    0.005083] Mountpoint-cache hash table entries: 512 (order: 0, 4096 bytes)
Dec 20 07:01:50 localhost kernel: [    0.005588] CPU: Physical Processor ID: 0
Dec 20 07:01:50 localhost kernel: [    0.005589] CPU: Processor Core ID: 0
Dec 20 07:01:50 localhost kernel: [    0.005595] Last level iTLB entries: 4KB 64, 2MB 8, 4MB 8
Dec 20 07:01:50 localhost kernel: [    0.005596] Last level dTLB entries: 4KB 64, 2MB 0, 4MB 0, 1GB 4
Dec 20 07:01:50 localhost kernel: [    0.087333] ftrace: allocating 34549 entries in 135 pages
Dec 20 07:01:50 localhost kernel: [    0.096103] cpu 0 spinlock event irq 1
Dec 20 07:01:50 localhost kernel: [    0.096228] smpboot: Max logical packages: 1
Dec 20 07:01:50 localhost kernel: [    0.096235] VPMU disabled by hypervisor.
Dec 20 07:01:50 localhost kernel: [    0.096343] Performance Events: unsupported p6 CPU model 79 no PMU driver, software events only.
Dec 20 07:01:50 localhost kernel: [    0.097370] NMI watchdog: disabled (cpu0): hardware events not enabled
Dec 20 07:01:50 localhost kernel: [    0.097569] NMI watchdog: Shutting down hard lockup detector on all cpus
Dec 20 07:01:50 localhost kernel: [    0.097580] smp: Bringing up secondary CPUs ...
Dec 20 07:01:50 localhost kernel: [    0.097691] installing Xen timer for CPU 1
Dec 20 07:01:50 localhost kernel: [    0.097726] SMP alternatives: switching to SMP code
Dec 20 07:01:50 localhost kernel: [    0.184002] cpu 1 spinlock event irq 13
Dec 20 07:01:50 localhost kernel: [    0.184146] installing Xen timer for CPU 2
Dec 20 07:01:50 localhost kernel: [    0.184491] cpu 2 spinlock event irq 20
Dec 20 07:01:50 localhost kernel: [    0.184491] installing Xen timer for CPU 3
Dec 20 07:01:50 localhost kernel: [    0.184491] cpu 3 spinlock event irq 27
Dec 20 07:01:50 localhost kernel: [    0.184491] installing Xen timer for CPU 4
Dec 20 07:01:50 localhost kernel: [    0.184491] cpu 4 spinlock event irq 34
Dec 20 07:01:50 localhost kernel: [    0.184491] installing Xen timer for CPU 5
Dec 20 07:01:50 localhost kernel: [    0.184491] cpu 5 spinlock event irq 41
Dec 20 07:01:50 localhost kernel: [    0.184491] installing Xen timer for CPU 6
Dec 20 07:01:50 localhost kernel: [    0.184491] cpu 6 spinlock event irq 48
Dec 20 07:01:50 localhost kernel: [    0.188117] installing Xen timer for CPU 7
Dec 20 07:01:50 localhost kernel: [    0.188416] cpu 7 spinlock event irq 55
Dec 20 07:01:50 localhost kernel: [    0.188416] installing Xen timer for CPU 8
Dec 20 07:01:50 localhost kernel: [    0.188416] cpu 8 spinlock event irq 62
Dec 20 07:01:50 localhost kernel: [    0.188416] installing Xen timer for CPU 9
Dec 20 07:01:50 localhost kernel: [    0.188416] cpu 9 spinlock event irq 69
Dec 20 07:01:50 localhost kernel: [    0.188416] installing Xen timer for CPU 10
Dec 20 07:01:50 localhost kernel: [    0.188417] cpu 10 spinlock event irq 76
Dec 20 07:01:50 localhost kernel: [    0.188417] installing Xen timer for CPU 11
Dec 20 07:01:50 localhost kernel: [    0.188463] cpu 11 spinlock event irq 83
Dec 20 07:01:50 localhost kernel: [    0.192119] installing Xen timer for CPU 12
Dec 20 07:01:50 localhost kernel: [    0.192383] cpu 12 spinlock event irq 90
Dec 20 07:01:50 localhost kernel: [    0.192383] installing Xen timer for CPU 13
Dec 20 07:01:50 localhost kernel: [    0.192407] cpu 13 spinlock event irq 97
Dec 20 07:01:50 localhost kernel: [    0.192407] installing Xen timer for CPU 14
Dec 20 07:01:50 localhost kernel: [    0.192422] cpu 14 spinlock event irq 104
Dec 20 07:01:50 localhost kernel: [    0.192422] installing Xen timer for CPU 15
Dec 20 07:01:50 localhost kernel: [    0.192440] cpu 15 spinlock event irq 111
Dec 20 07:01:50 localhost kernel: [    0.192440] smp: Brought up 1 node, 16 CPUs
Dec 20 07:01:50 localhost kernel: [    0.192645] sched_clock: Marking stable (192000000, 0)->(1289530889209075, -1289530697209075)
Dec 20 07:01:50 localhost kernel: [    0.193601] devtmpfs: initialized
Dec 20 07:01:50 localhost kernel: [    0.193652] x86/mm: Memory block size: 128MB
Dec 20 07:01:50 localhost kernel: [    0.195232] evm: security.selinux
Dec 20 07:01:50 localhost kernel: [    0.195233] evm: security.SMACK64
Dec 20 07:01:50 localhost kernel: [    0.195233] evm: security.SMACK64EXEC
Dec 20 07:01:50 localhost kernel: [    0.195234] evm: security.SMACK64TRANSMUTE
Dec 20 07:01:50 localhost kernel: [    0.195234] evm: security.SMACK64MMAP
Dec 20 07:01:50 localhost kernel: [    0.195235] evm: security.ima
Dec 20 07:01:50 localhost kernel: [    0.195235] evm: security.capability
Dec 20 07:01:50 localhost kernel: [    0.195509] clocksource: jiffies: mask: 0xffffffff max_cycles: 0xffffffff, max_idle_ns: 7645041785100000 ns
Dec 20 07:01:50 localhost kernel: [    0.195578] futex hash table entries: 4096 (order: 6, 262144 bytes)
Dec 20 07:01:50 localhost kernel: [    0.195763] pinctrl core: initialized pinctrl subsystem
Dec 20 07:01:50 localhost kernel: [    0.215718] RTC time: 165:165:165, date: 165/165/65
Dec 20 07:01:50 localhost kernel: [    0.215886] NET: Registered protocol family 16
Dec 20 07:01:50 localhost kernel: [    0.215894] xen:grant_table: Grant tables using version 1 layout
Dec 20 07:01:50 localhost kernel: [    0.215912] Grant table initialized
Dec 20 07:01:50 localhost kernel: [    0.329962] random: fast init done
Dec 20 07:01:50 localhost kernel: [    0.418441] PCI: setting up Xen PCI frontend stub
Dec 20 07:01:50 localhost kernel: [    0.418445] PCI: pci_cache_line_size set to 64 bytes
Dec 20 07:01:50 localhost kernel: [    0.420889] ACPI: Interpreter disabled.
Dec 20 07:01:50 localhost kernel: [    0.420899] xen:balloon: Initialising balloon driver
Dec 20 07:01:50 localhost kernel: [    0.422542] xen:manage: Unable to read sysrq code in control/sysrq
Dec 20 07:01:50 localhost kernel: [    0.424879] xen_balloon: Initialising balloon driver
Dec 20 07:01:50 localhost kernel: [    0.425354] SCSI subsystem initialized
Dec 20 07:01:50 localhost kernel: [    0.425484] libata version 3.00 loaded.
Dec 20 07:01:50 localhost kernel: [    0.425529] vgaarb: loaded
Dec 20 07:01:50 localhost kernel: [    0.425595] usbcore: registered new interface driver usbfs
Dec 20 07:01:50 localhost kernel: [    0.425607] usbcore: registered new interface driver hub
Dec 20 07:01:50 localhost kernel: [    0.425651] usbcore: registered new device driver usb
Dec 20 07:01:50 localhost kernel: [    0.425842] dmi: Firmware registration failed.
Dec 20 07:01:50 localhost kernel: [    0.428177] PCI: System does not support PCI
Dec 20 07:01:50 localhost kernel: [    0.428455] PCI: System does not support PCI
Dec 20 07:01:50 localhost kernel: [    0.428857] NetLabel: Initializing
Dec 20 07:01:50 localhost kernel: [    0.428859] NetLabel:  domain hash size = 128
Dec 20 07:01:50 localhost kernel: [    0.428859] NetLabel:  protocols = UNLABELED CIPSOv4 CALIPSO
Dec 20 07:01:50 localhost kernel: [    0.428885] NetLabel:  unlabeled traffic allowed by default
Dec 20 07:01:50 localhost kernel: [    0.429137] clocksource: Switched to clocksource xen
Dec 20 07:01:50 localhost kernel: [    0.445826] VFS: Disk quotas dquot_6.6.0
Dec 20 07:01:50 localhost kernel: [    0.445843] VFS: Dquot-cache hash table entries: 512 (order 0, 4096 bytes)
Dec 20 07:01:50 localhost kernel: [    0.445859] hugetlbfs: disabling because there are no supported hugepage sizes
Dec 20 07:01:50 localhost kernel: [    0.445917] AppArmor: AppArmor Filesystem Enabled
Dec 20 07:01:50 localhost kernel: [    0.445941] pnp: PnP ACPI: disabled
Dec 20 07:01:50 localhost kernel: [    0.447044] NET: Registered protocol family 2
Dec 20 07:01:50 localhost kernel: [    0.447232] TCP established hash table entries: 2048 (order: 2, 16384 bytes)
Dec 20 07:01:50 localhost kernel: [    0.447245] TCP bind hash table entries: 2048 (order: 3, 32768 bytes)
Dec 20 07:01:50 localhost kernel: [    0.447250] TCP: Hash tables configured (established 2048 bind 2048)
Dec 20 07:01:50 localhost kernel: [    0.447297] UDP hash table entries: 256 (order: 1, 8192 bytes)
Dec 20 07:01:50 localhost kernel: [    0.447302] UDP-Lite hash table entries: 256 (order: 1, 8192 bytes)
Dec 20 07:01:50 localhost kernel: [    0.447373] NET: Registered protocol family 1
Dec 20 07:01:50 localhost kernel: [    0.447378] PCI: CLS 0 bytes, default 64
Dec 20 07:01:50 localhost kernel: [    0.447412] Unpacking initramfs...
Dec 20 07:01:50 localhost kernel: [    0.976072] Freeing initrd memory: 11472K
Dec 20 07:01:50 localhost kernel: [    0.976170] Scanning for low memory corruption every 60 seconds
Dec 20 07:01:50 localhost kernel: [    0.976504] audit: initializing netlink subsys (disabled)
Dec 20 07:01:50 localhost kernel: [    0.976799] Initialise system trusted keyrings
Dec 20 07:01:50 localhost kernel: [    0.976820] audit: type=2000 audit(1545289306.319:1): state=initialized audit_enabled=0 res=1
Dec 20 07:01:50 localhost kernel: [    0.976830] workingset: timestamp_bits=36 max_order=16 bucket_order=0
Dec 20 07:01:50 localhost kernel: [    0.977915] zbud: loaded
Dec 20 07:01:50 localhost kernel: [    0.978492] squashfs: version 4.0 (2009/01/31) Phillip Lougher
Dec 20 07:01:50 localhost kernel: [    0.978641] fuse init (API version 7.26)
Dec 20 07:01:50 localhost kernel: [    0.980430] Key type asymmetric registered
Dec 20 07:01:50 localhost kernel: [    0.980431] Asymmetric key parser 'x509' registered
Dec 20 07:01:50 localhost kernel: [    0.980441] Block layer SCSI generic (bsg) driver version 0.4 loaded (major 248)
Dec 20 07:01:50 localhost kernel: [    0.980493] io scheduler noop registered
Dec 20 07:01:50 localhost kernel: [    0.980493] io scheduler deadline registered
Dec 20 07:01:50 localhost kernel: [    0.980517] io scheduler cfq registered (default)
Dec 20 07:01:50 localhost kernel: [    0.980588] intel_idle: does not run on family 6 model 79
Dec 20 07:01:50 localhost kernel: [    0.980890] Serial: 8250/16550 driver, 32 ports, IRQ sharing enabled
Dec 20 07:01:50 localhost kernel: [    0.981717] Linux agpgart interface v0.103
Dec 20 07:01:50 localhost kernel: [    0.983235] loop: module loaded
Dec 20 07:01:50 localhost kernel: [    0.983236] Invalid max_queues (4), will use default max: 1.
Dec 20 07:01:50 localhost kernel: [    1.047288] libphy: Fixed MDIO Bus: probed
Dec 20 07:01:50 localhost kernel: [    1.047290] tun: Universal TUN/TAP device driver, 1.6
Dec 20 07:01:50 localhost kernel: [    1.047345] PPP generic driver version 2.4.2
Dec 20 07:01:50 localhost kernel: [    1.047378] xen_netfront: Initialising Xen virtual ethernet driver
Dec 20 07:01:50 localhost kernel: [    1.109630] ehci_hcd: USB 2.0 'Enhanced' Host Controller (EHCI) Driver
Dec 20 07:01:50 localhost kernel: [    1.109640] ehci-pci: EHCI PCI platform driver
Dec 20 07:01:50 localhost kernel: [    1.109653] ehci-platform: EHCI generic platform driver
Dec 20 07:01:50 localhost kernel: [    1.109668] ohci_hcd: USB 1.1 'Open' Host Controller (OHCI) Driver
Dec 20 07:01:50 localhost kernel: [    1.109671] ohci-pci: OHCI PCI platform driver
Dec 20 07:01:50 localhost kernel: [    1.109680] ohci-platform: OHCI generic platform driver
Dec 20 07:01:50 localhost kernel: [    1.109688] uhci_hcd: USB Universal Host Controller Interface driver
Dec 20 07:01:50 localhost kernel: [    1.109742] i8042: PNP: No PS/2 controller found.
Dec 20 07:01:50 localhost kernel: [    1.109743] i8042: Probing ports directly.
Dec 20 07:01:50 localhost kernel: [    2.133681] i8042: No controller found
Dec 20 07:01:50 localhost kernel: [    2.133698] clocksource: tsc: mask: 0xffffffffffffffff max_cycles: 0x1fb636af529, max_idle_ns: 440795229040 ns
Dec 20 07:01:50 localhost kernel: [    2.133802] mousedev: PS/2 mouse device common for all mice
Dec 20 07:01:50 localhost kernel: [    2.133879] i2c /dev entries driver
Dec 20 07:01:50 localhost kernel: [    2.133927] device-mapper: uevent: version 1.0.3
Dec 20 07:01:50 localhost kernel: [    2.133983] device-mapper: ioctl: 4.35.0-ioctl (2016-06-23) initialised: dm-devel@redhat.com
Dec 20 07:01:50 localhost kernel: [    2.133999] ledtrig-cpu: registered to indicate activity on CPUs
Dec 20 07:01:50 localhost kernel: [    2.134289] NET: Registered protocol family 10
Dec 20 07:01:50 localhost kernel: [    2.141822] Segment Routing with IPv6
Dec 20 07:01:50 localhost kernel: [    2.141837] NET: Registered protocol family 17
Dec 20 07:01:50 localhost kernel: [    2.141844] Key type dns_resolver registered
Dec 20 07:01:50 localhost kernel: [    2.141845] mce: Unable to init device /dev/mcelog (rc: -5)
Dec 20 07:01:50 localhost kernel: [    2.142185] registered taskstats version 1
Dec 20 07:01:50 localhost kernel: [    2.142213] Loading compiled-in X.509 certificates
Dec 20 07:01:50 localhost kernel: [    2.146327] Loaded X.509 cert 'Build time autogenerated kernel key: 72bf9ba1a0639bf715aab6b935459f3e8e4502e6'
Dec 20 07:01:50 localhost kernel: [    2.146341] zswap: loaded using pool lzo/zbud
Dec 20 07:01:50 localhost kernel: [    2.149898] Key type big_key registered
Dec 20 07:01:50 localhost kernel: [    2.149900] Key type trusted registered
Dec 20 07:01:50 localhost kernel: [    2.153402] Key type encrypted registered
Dec 20 07:01:50 localhost kernel: [    2.153404] AppArmor: AppArmor sha1 policy hashing enabled
Dec 20 07:01:50 localhost kernel: [    2.153406] ima: No TPM chip found, activating TPM-bypass! (rc=-19)
Dec 20 07:01:50 localhost kernel: [    2.153422] evm: HMAC attrs: 0x1
Dec 20 07:01:50 localhost kernel: [    2.363746] blkfront: xvda: flush diskcache: enabled; persistent grants: enabled; indirect descriptors: enabled;
Dec 20 07:01:50 localhost kernel: [    2.384691]  xvda: xvda1
Dec 20 07:01:50 localhost kernel: [    2.450945] blkfront: xvdz: flush diskcache: enabled; persistent grants: enabled; indirect descriptors: enabled;
Dec 20 07:01:50 localhost kernel: [    2.569248]   Magic number: 1:252:3141
Dec 20 07:01:50 localhost kernel: [    2.569313] hctosys: unable to open rtc device (rtc0)
Dec 20 07:01:50 localhost kernel: [    2.569413] BIOS EDD facility v0.16 2004-Jun-25, 0 devices found
Dec 20 07:01:50 localhost kernel: [    2.569414] EDD information not available.
Dec 20 07:01:50 localhost kernel: [    2.569464] PM: Hibernation image not present or could not be loaded.
Dec 20 07:01:50 localhost kernel: [    2.573617] Freeing unused kernel memory: 2220K
Dec 20 07:01:50 localhost kernel: [    2.573619] Write protecting the kernel read-only data: 14336k
Dec 20 07:01:50 localhost kernel: [    2.597509] Freeing unused kernel memory: 1080K
Dec 20 07:01:50 localhost kernel: [    2.597926] Freeing unused kernel memory: 216K
Dec 20 07:01:50 localhost kernel: [    2.597934] ------------[ cut here ]------------
Dec 20 07:01:50 localhost kernel: [    2.598262] WARNING: CPU: 0 PID: 1 at /build/linux-hwe-edge-HLHSbp/linux-hwe-edge-4.11.0/arch/x86/mm/dump_pagetables.c:235 note_page+0x5e8/0x780
Dec 20 07:01:50 localhost kernel: [    2.599058] x86/mm: Found insecure W+X mapping at address ffff880000000000/0xffff880000000000
Dec 20 07:01:50 localhost kernel: [    2.599589] Modules linked in:
Dec 20 07:01:50 localhost kernel: [    2.599798] CPU: 0 PID: 1 Comm: swapper/0 Not tainted 4.11.0-14-generic #20~16.04.1-Ubuntu
Dec 20 07:01:50 localhost kernel: [    2.600369] Call Trace:
Dec 20 07:01:50 localhost kernel: [    2.600549]  dump_stack+0x63/0x90
Dec 20 07:01:50 localhost kernel: [    2.600763]  __warn+0xcb/0xf0
Dec 20 07:01:50 localhost kernel: [    2.600957]  warn_slowpath_fmt+0x5a/0x80
Dec 20 07:01:50 localhost kernel: [    2.601211]  ? vprintk_emit+0x2d1/0x380
Dec 20 07:01:50 localhost kernel: [    2.601456]  note_page+0x5e8/0x780
Dec 20 07:01:50 localhost kernel: [    2.601677]  ptdump_walk_pgd_level_core+0x33f/0x480
Dec 20 07:01:50 localhost kernel: [    2.601984]  ? 0xffffffff81000000
Dec 20 07:01:50 localhost kernel: [    2.602199]  ptdump_walk_pgd_level_checkwx+0x17/0x20
Dec 20 07:01:50 localhost kernel: [    2.602514]  mark_rodata_ro+0xf6/0x100
Dec 20 07:01:50 localhost kernel: [    2.602755]  ? rest_init+0x80/0x80
Dec 20 07:01:50 localhost kernel: [    2.602987]  kernel_init+0x2a/0x100
Dec 20 07:01:50 localhost kernel: [    2.603213]  ret_from_fork+0x25/0x30
Dec 20 07:01:50 localhost kernel: [    2.603465] ---[ end trace 22cade1a0443b3f7 ]---
Dec 20 07:01:50 localhost kernel: [    2.610901] x86/mm: Checked W+X mappings: FAILED, 4602 W+X pages found.
Dec 20 07:01:50 localhost kernel: [    3.624734] EXT4-fs (xvda1): mounted filesystem with ordered data mode. Opts: (null)
Dec 20 07:01:50 localhost kernel: [    4.250557] EXT4-fs (xvda1): re-mounted. Opts: errors=remount-ro
Dec 20 07:01:50 localhost kernel: [    5.328140] AVX2 version of gcm_enc/dec engaged.
Dec 20 07:01:50 localhost kernel: [    5.328141] AES CTR mode by8 optimization enabled
Dec 20 07:01:51 localhost kernel: [    6.041225] Adding 262140k swap on /dev/xvdz.  Priority:-1 extents:1 across:262140k SSFS
Dec 20 07:02:05 localhost kernel: [   20.409168] random: crng init done
Dec 20 07:10:58 localhost kernel: [  552.514011] systemd: 32 output lines suppressed due to ratelimiting
